#REGEX Syntax Error at 2:0 .*InvalidExpr1.krf$
missing IntegerLiteral at '<EOF>'
