default-imports
name-resolver
clean-up
create-context
type-inferer
type-checker
opname-remapper
k-normalize
alpha-equivalence
terminal
