Usage:
 krfc <options> <sources>

Available options are:
 --debug (-d)         : Set output log levels DEBUG and higher
 --diag               : show diagnostic data
 --help (-h, -help)   : Show usage
 --info (-i)          : Set output log levels INFO and higher
 --print-last-tree    : Print tree
 --print-tree         : Print Tree every phase
 --show-phases        : Print all phases
 --stop-after <phase> : Stop and Print tree at <phase>
 --trace              : Set output log levels TRACE and higher
 --version (-v)       : Print compiler version and exit
