#REGEX Error : Syntax Error at 2:0.*EmptyClassName.krf$
Error : missing Identifier at '<EOF>'
