#REGEX Syntax Error at 1:0 .*InvalidExpr1.krf$
mismatched input '1' expecting {<EOF>, 'class'}
